* using log directory ‘/usr/local/google/home/chiricom/git/libbib/libbib.Rcheck’
* using R Under development (unstable) (2026-08-15 r90413)
* using platform: x86_64-pc-linux-gnu
* R was compiled by
    gcc (Debian 15.2.0-8) 15.2.0
    GNU Fortran (Debian 15.2.0-8) 15.2.0
* running under: Debian GNU/Linux rodete
* using session charset: UTF-8
* current time: 2026-08-18 23:47:58 UTC
* using option ‘--as-cran’
* checking for file ‘libbib/DESCRIPTION’ ... OK
* checking extension type ... Package
* this is package ‘libbib’ version ‘1.6.4’
* package encoding: UTF-8
* checking CRAN incoming feasibility ... [12s/17s] WARNING
Maintainer: ‘Tony Fischetti <tony.fischetti@gmail.com>’

Insufficient package version (submitted: 1.6.4, existing: 1.6.4)

Found the following (possibly) invalid URLs:
  URL: https://www.worldcat.org/advancedsearch (moved to https://search.worldcat.org/advancedsearch)
    From: inst/doc/using-the-worldcat-search-api.html
    Status: 301
    Message: Moved Permanently
For content that is 'Moved Permanently', please change http to https,
add trailing slashes, or replace the old by the new URL.
* checking package namespace information ... OK
* checking package dependencies ... OK
* checking if this is a source package ... OK
* checking if there is a namespace ... OK
* checking for executable files ... OK
* checking for hidden files and directories ... OK
* checking for portable file names ... OK
* checking for sufficient/correct file permissions ... OK
* checking whether package ‘libbib’ can be installed ... OK
* checking installed package size ... OK
* checking package directory ... OK
* checking for future file timestamps ... OK
* checking ‘build’ directory ... OK
* checking DESCRIPTION meta-information ... OK
* checking top-level files ... NOTE
Non-standard file/directory found at top level:
  ‘Makefile’
* checking for left-over files ... OK
* checking index information ... OK
* checking package subdirectories ... OK
* checking code files for non-ASCII characters ... OK
* checking R files for syntax errors ... OK
* checking whether the package can be loaded ... OK
* checking whether the package can be loaded with stated dependencies ... OK
* checking whether the package can be unloaded cleanly ... OK
* checking whether the namespace can be loaded with stated dependencies ... OK
* checking whether the namespace can be unloaded cleanly ... OK
* checking loading without being on the library search path ... OK
* checking use of S3 registration ... OK
* checking dependencies in R code ... OK
* checking S3 generic/method consistency ... OK
* checking replacement functions ... OK
* checking foreign function calls ... OK
* checking R code for possible problems ... OK
* checking Rd files ... OK
* checking Rd metadata ... OK
* checking Rd line widths ... OK
* checking Rd cross-references ... OK
* checking for missing documentation entries ... OK
* checking for code/documentation mismatches ... OK
* checking Rd \usage sections ... OK
* checking Rd contents ... OK
* checking for unstated dependencies in examples ... OK
* checking contents of ‘data’ directory ... OK
* checking data for non-ASCII characters ... OK
* checking data for ASCII and uncompressed saves ... OK
* checking line endings in Makefiles ... OK
* checking for GNU extensions in Makefiles ... OK
* checking include directives in Makefiles ... OK
* checking installed files from ‘inst/doc’ ... OK
* checking files in ‘vignettes’ ... OK
* checking examples ... NOTE
Examples with CPU (user + system) or elapsed time > 5s
                           user system elapsed
check_isbn_10_check_digit 6.927  0.018   0.202
* checking for unstated dependencies in ‘tests’ ... OK
* checking tests ... OK
  Running ‘testthat.R’
* checking for unstated dependencies in vignettes ... OK
* checking package vignettes ... OK
* checking re-building of vignette outputs ... OK
* checking PDF version of manual ... OK
* checking HTML version of manual ... OK
* checking for non-standard things in the check directory ... OK
* checking for detritus in the temp directory ... OK
* DONE
Status: 1 WARNING, 2 NOTEs
