Hmm ... looks like a package
Converting parsed Rd's to LaTeX .....
Creating pdf output from LaTeX ...

This is pdfTeX, Version 3.141592653-2.6-1.40.29 (TeX Live 2026/Debian) (preloaded format=pdflatex)
 restricted \write18 enabled.
entering extended mode
LaTeX2e <2025-11-01>
L3 programming layer <2026-01-19>
(./Rd2.tex
(/usr/share/texlive/texmf-dist/tex/latex/base/book.cls
Document Class: book 2025/01/22 v1.4n Standard LaTeX document class
(/usr/share/texlive/texmf-dist/tex/latex/base/bk10.clo))
(/usr/local/google/home/chiricom/svn/r-devel/share/texmf/tex/latex/Rd.sty
(/usr/share/texlive/texmf-dist/tex/latex/base/ifthen.sty)
(/usr/share/texlive/texmf-dist/tex/generic/iftex/iftex.sty)
(/usr/share/texlive/texmf-dist/tex/latex/tools/longtable.sty)
(/usr/share/texlive/texmf-dist/tex/latex/tools/bm.sty)
(/usr/share/texlive/texmf-dist/tex/latex/base/alltt.sty)
(/usr/share/texlive/texmf-dist/tex/latex/tools/verbatim.sty)
(/usr/share/texlive/texmf-dist/tex/latex/url/url.sty)
(/usr/share/texlive/texmf-dist/tex/latex/base/textcomp.sty)
(/usr/share/texlive/texmf-dist/tex/latex/amsmath/amsmath.sty
For additional information on amsmath, use the `?' option.
(/usr/share/texlive/texmf-dist/tex/latex/amsmath/amstext.sty
(/usr/share/texlive/texmf-dist/tex/latex/amsmath/amsgen.sty))
(/usr/share/texlive/texmf-dist/tex/latex/amsmath/amsbsy.sty)
(/usr/share/texlive/texmf-dist/tex/latex/amsmath/amsopn.sty))
(/usr/share/texlive/texmf-dist/tex/latex/amsfonts/amsfonts.sty)
(/usr/share/texlive/texmf-dist/tex/latex/amsfonts/amssymb.sty)
(/usr/share/texlive/texmf-dist/tex/latex/jknapltx/mathrsfs.sty)
(/usr/share/texlive/texmf-dist/tex/latex/base/fontenc.sty)
(/usr/share/texlive/texmf-dist/tex/latex/psnfss/times.sty)
(/usr/share/texlive/texmf-dist/tex/latex/inconsolata/zi4.sty
`inconsolata-zi4' v1.12, 2019/05/17 Text macros for Inconsolata (msharpe)
(/usr/share/texlive/texmf-dist/tex/latex/xkeyval/xkeyval.sty
(/usr/share/texlive/texmf-dist/tex/generic/xkeyval/xkeyval.tex
(/usr/share/texlive/texmf-dist/tex/generic/xkeyval/xkvutils.tex
(/usr/share/texlive/texmf-dist/tex/generic/xkeyval/keyval.tex)))))
(/usr/share/texlive/texmf-dist/tex/latex/graphics/color.sty
(/usr/share/texlive/texmf-dist/tex/latex/graphics-cfg/color.cfg)
(/usr/share/texlive/texmf-dist/tex/latex/graphics-def/pdftex.def)
(/usr/share/texlive/texmf-dist/tex/latex/graphics/mathcolor.ltx))
(/usr/share/texlive/texmf-dist/tex/latex/hyperref/hyperref.sty
(/usr/share/texlive/texmf-dist/tex/latex/kvsetkeys/kvsetkeys.sty)
(/usr/share/texlive/texmf-dist/tex/generic/kvdefinekeys/kvdefinekeys.sty)
(/usr/share/texlive/texmf-dist/tex/generic/pdfescape/pdfescape.sty
(/usr/share/texlive/texmf-dist/tex/generic/ltxcmds/ltxcmds.sty)
(/usr/share/texlive/texmf-dist/tex/generic/pdftexcmds/pdftexcmds.sty
(/usr/share/texlive/texmf-dist/tex/generic/infwarerr/infwarerr.sty)))
(/usr/share/texlive/texmf-dist/tex/latex/hycolor/hycolor.sty)
(/usr/share/texlive/texmf-dist/tex/latex/hyperref/nameref.sty
(/usr/share/texlive/texmf-dist/tex/latex/refcount/refcount.sty)
(/usr/share/texlive/texmf-dist/tex/generic/gettitlestring/gettitlestring.sty
(/usr/share/texlive/texmf-dist/tex/latex/kvoptions/kvoptions.sty)))
(/usr/share/texlive/texmf-dist/tex/latex/etoolbox/etoolbox.sty)
(/usr/share/texlive/texmf-dist/tex/generic/stringenc/stringenc.sty)
(/usr/share/texlive/texmf-dist/tex/latex/hyperref/pd1enc.def)
(/usr/share/texlive/texmf-dist/tex/generic/intcalc/intcalc.sty)
(/usr/share/texlive/texmf-dist/tex/latex/hyperref/puenc.def)
(/usr/share/texlive/texmf-dist/tex/generic/bitset/bitset.sty
(/usr/share/texlive/texmf-dist/tex/generic/bigintcalc/bigintcalc.sty)))
(/usr/share/texlive/texmf-dist/tex/latex/hyperref/hpdftex.def
(/usr/share/texlive/texmf-dist/tex/latex/rerunfilecheck/rerunfilecheck.sty
(/usr/share/texlive/texmf-dist/tex/generic/uniquecounter/uniquecounter.sty))))
(/usr/share/texlive/texmf-dist/tex/latex/base/makeidx.sty)
Writing index file Rd2.idx
(/usr/share/texlive/texmf-dist/tex/latex/psnfss/t1ptm.fd)
(/usr/share/texlive/texmf-dist/tex/latex/l3backend/l3backend-pdftex.def)
No file Rd2.aux.
(/usr/share/texlive/texmf-dist/tex/context/base/mkii/supp-pdf.mkii
[Loading MPS to PDF converter (version 2006.09.02).]
) (/usr/share/texlive/texmf-dist/tex/latex/inconsolata/t1zi4.fd)
(/usr/share/texlive/texmf-dist/tex/latex/amsfonts/umsa.fd)
(/usr/share/texlive/texmf-dist/tex/latex/amsfonts/umsb.fd)
(/usr/share/texlive/texmf-dist/tex/latex/jknapltx/ursfs.fd)
No file Rd2.toc.
[1{/var/lib/texmf/fonts/map/pdftex/updmap/pdftex.map}{/usr/share/texlive/texmf-
dist/fonts/enc/dvips/base/8r.enc}{/usr/share/texlive/texmf-dist/fonts/enc/dvips
/inconsolata/i4-t1-0.enc}] [2] [3] [4] [5] [6] [7] [8] [9] [10] [11] [12]
(/usr/share/texlive/texmf-dist/tex/latex/inconsolata/ts1zi4.fd) [13{/usr/share/
texlive/texmf-dist/fonts/enc/dvips/inconsolata/i4-ts1.enc}] [14] [15] [16]
[17] [18] [19] [20] [21] [22] [23] [24] [25] [26] [27] [28] [29] [30] [31]
[32] [33] [34] [35] [36]
Overfull \hbox (17.27782pt too wide) in paragraph at lines 2136--2136
 []\T1/zi4/m/n/9 # "http://classify.oclc.org/classify2/ClassifyDemo?search-stan
dnum-txt=629725006&startRec=0"[] 

Overfull \hbox (38.27475pt too wide) in paragraph at lines 2139--2139
 []\T1/zi4/m/n/9 # [1] "http://classify.oclc.org/classify2/ClassifyDemo?search-
standnum-txt=039333712X&startRec=0"[] 

Overfull \hbox (33.77475pt too wide) in paragraph at lines 2141--2141
 []\T1/zi4/m/n/9 # [3] "http://classify.oclc.org/classify2/ClassifyDemo?search-
standnum-txt=629725006&startRec=0"[] 
[37] [38] [39] [40]
Overfull \hbox (42.77475pt too wide) in paragraph at lines 2409--2409
 []\T1/zi4/m/n/9 split_map_filter_reduce(someisbns, mapfun=function(x){normaliz
e_isbn(x, convert.to.isbn.13=TRUE)})[] 
[41]
Overfull \hbox (42.77475pt too wide) in paragraph at lines 2415--2415
 []\T1/zi4/m/n/9 split_map_filter_reduce(someisbns, mapfun=function(x){normaliz
e_isbn(x, convert.to.isbn.13=TRUE)},[] 

Overfull \hbox (42.77475pt too wide) in paragraph at lines 2425--2425
 []\T1/zi4/m/n/9 split_map_filter_reduce(someisbns, mapfun=function(x){normaliz
e_isbn(x, convert.to.isbn.13=TRUE)},[] 
[42]
Overfull \hbox (5.24847pt too wide) in paragraph at lines 2507--2511
\T1/ptm/m/n/10 way to use these func-tions is to set a global op-tions with you
r key: []\T1/zi4/m/n/10 options("libbib.wskey"="YOUR
[43] [44]
Overfull \hbox (30.85889pt too wide) in paragraph at lines 2655--2663
\T1/ptm/m/n/10 tu-tion, and, by de-fault, the bib-li-o-graphic in-for-ma-tion p
ro-vided by []\T1/zi4/m/n/10 worldcat_api_bib_read_info_by_...[]\T1/ptm/m/n/10 
.
[45] [46]
Overfull \hbox (5.24847pt too wide) in paragraph at lines 2787--2791
\T1/ptm/m/n/10 way to use these func-tions is to set a global op-tions with you
r key: []\T1/zi4/m/n/10 options("libbib.wskey"="YOUR
[47] [48]
Overfull \hbox (91.14795pt too wide) in paragraph at lines 2901--2903
[]\T1/ptm/m/n/10 There is an en-tire vi-gnette ded-i-cated to this func-tion; t
o view it, ex-e-cute []\T1/zi4/m/n/10 vignette("using-the-worldcat-search-api")
 

Overfull \hbox (5.24847pt too wide) in paragraph at lines 2918--2922
\T1/ptm/m/n/10 way to use these func-tions is to set a global op-tions with you
r key: []\T1/zi4/m/n/10 options("libbib.wskey"="YOUR
[49] [50] [51]
No file Rd2.ind.
[52] (/tmp/RtmpxmMqOy/Rd2pdf6b0456238221/Rd2.aux)

Package rerunfilecheck Warning: File `Rd2.out' has changed.
(rerunfilecheck)                Rerun to get outlines right
(rerunfilecheck)                or use package `bookmark'.

 )
(see the transcript file for additional information)
pdfTeX warning (dest): name{Rfn.paste} has been referenced but does not exist, 
replaced by a fixed one


pdfTeX warning (dest): name{Rfn.make.unique} has been referenced but does not e
xist, replaced by a fixed one


pdfTeX warning (dest): name{Rfn.is.na} has been referenced but does not exist, 
replaced by a fixed one

</usr/share/texlive/texmf-dist/fonts/type1/public/inconsolata/Inconsolata-zi4r.
pfb></usr/share/texlive/texmf-dist/fonts/type1/urw/times/utmb8a.pfb></usr/share
/texlive/texmf-dist/fonts/type1/urw/times/utmr8a.pfb></usr/share/texlive/texmf-
dist/fonts/type1/urw/times/utmr8a.pfb></usr/share/texlive/texmf-dist/fonts/type
1/urw/times/utmri8a.pfb>
Output written on Rd2.pdf (52 pages, 173363 bytes).
Transcript written on Rd2.log.
This is makeindex, version 2.18 [TeX Live 2026] (kpathsea + Thai support).
Scanning input file Rd2.idx....done (91 entries accepted, 0 rejected).
Sorting entries....done (620 comparisons).
Generating output file Rd2.ind....done (145 lines written, 0 warnings).
Output written in Rd2.ind.
Transcript written in Rd2.ilg.
This is pdfTeX, Version 3.141592653-2.6-1.40.29 (TeX Live 2026/Debian) (preloaded format=pdflatex)
 restricted \write18 enabled.
entering extended mode
LaTeX2e <2025-11-01>
L3 programming layer <2026-01-19>
(./Rd2.tex
(/usr/share/texlive/texmf-dist/tex/latex/base/book.cls
Document Class: book 2025/01/22 v1.4n Standard LaTeX document class
(/usr/share/texlive/texmf-dist/tex/latex/base/bk10.clo))
(/usr/local/google/home/chiricom/svn/r-devel/share/texmf/tex/latex/Rd.sty
(/usr/share/texlive/texmf-dist/tex/latex/base/ifthen.sty)
(/usr/share/texlive/texmf-dist/tex/generic/iftex/iftex.sty)
(/usr/share/texlive/texmf-dist/tex/latex/tools/longtable.sty)
(/usr/share/texlive/texmf-dist/tex/latex/tools/bm.sty)
(/usr/share/texlive/texmf-dist/tex/latex/base/alltt.sty)
(/usr/share/texlive/texmf-dist/tex/latex/tools/verbatim.sty)
(/usr/share/texlive/texmf-dist/tex/latex/url/url.sty)
(/usr/share/texlive/texmf-dist/tex/latex/base/textcomp.sty)
(/usr/share/texlive/texmf-dist/tex/latex/amsmath/amsmath.sty
For additional information on amsmath, use the `?' option.
(/usr/share/texlive/texmf-dist/tex/latex/amsmath/amstext.sty
(/usr/share/texlive/texmf-dist/tex/latex/amsmath/amsgen.sty))
(/usr/share/texlive/texmf-dist/tex/latex/amsmath/amsbsy.sty)
(/usr/share/texlive/texmf-dist/tex/latex/amsmath/amsopn.sty))
(/usr/share/texlive/texmf-dist/tex/latex/amsfonts/amsfonts.sty)
(/usr/share/texlive/texmf-dist/tex/latex/amsfonts/amssymb.sty)
(/usr/share/texlive/texmf-dist/tex/latex/jknapltx/mathrsfs.sty)
(/usr/share/texlive/texmf-dist/tex/latex/base/fontenc.sty)
(/usr/share/texlive/texmf-dist/tex/latex/psnfss/times.sty)
(/usr/share/texlive/texmf-dist/tex/latex/inconsolata/zi4.sty
`inconsolata-zi4' v1.12, 2019/05/17 Text macros for Inconsolata (msharpe)
(/usr/share/texlive/texmf-dist/tex/latex/xkeyval/xkeyval.sty
(/usr/share/texlive/texmf-dist/tex/generic/xkeyval/xkeyval.tex
(/usr/share/texlive/texmf-dist/tex/generic/xkeyval/xkvutils.tex
(/usr/share/texlive/texmf-dist/tex/generic/xkeyval/keyval.tex)))))
(/usr/share/texlive/texmf-dist/tex/latex/graphics/color.sty
(/usr/share/texlive/texmf-dist/tex/latex/graphics-cfg/color.cfg)
(/usr/share/texlive/texmf-dist/tex/latex/graphics-def/pdftex.def)
(/usr/share/texlive/texmf-dist/tex/latex/graphics/mathcolor.ltx))
(/usr/share/texlive/texmf-dist/tex/latex/hyperref/hyperref.sty
(/usr/share/texlive/texmf-dist/tex/latex/kvsetkeys/kvsetkeys.sty)
(/usr/share/texlive/texmf-dist/tex/generic/kvdefinekeys/kvdefinekeys.sty)
(/usr/share/texlive/texmf-dist/tex/generic/pdfescape/pdfescape.sty
(/usr/share/texlive/texmf-dist/tex/generic/ltxcmds/ltxcmds.sty)
(/usr/share/texlive/texmf-dist/tex/generic/pdftexcmds/pdftexcmds.sty
(/usr/share/texlive/texmf-dist/tex/generic/infwarerr/infwarerr.sty)))
(/usr/share/texlive/texmf-dist/tex/latex/hycolor/hycolor.sty)
(/usr/share/texlive/texmf-dist/tex/latex/hyperref/nameref.sty
(/usr/share/texlive/texmf-dist/tex/latex/refcount/refcount.sty)
(/usr/share/texlive/texmf-dist/tex/generic/gettitlestring/gettitlestring.sty
(/usr/share/texlive/texmf-dist/tex/latex/kvoptions/kvoptions.sty)))
(/usr/share/texlive/texmf-dist/tex/latex/etoolbox/etoolbox.sty)
(/usr/share/texlive/texmf-dist/tex/generic/stringenc/stringenc.sty)
(/usr/share/texlive/texmf-dist/tex/latex/hyperref/pd1enc.def)
(/usr/share/texlive/texmf-dist/tex/generic/intcalc/intcalc.sty)
(/usr/share/texlive/texmf-dist/tex/latex/hyperref/puenc.def)
(/usr/share/texlive/texmf-dist/tex/generic/bitset/bitset.sty
(/usr/share/texlive/texmf-dist/tex/generic/bigintcalc/bigintcalc.sty)))
(/usr/share/texlive/texmf-dist/tex/latex/hyperref/hpdftex.def
(/usr/share/texlive/texmf-dist/tex/latex/rerunfilecheck/rerunfilecheck.sty
(/usr/share/texlive/texmf-dist/tex/generic/uniquecounter/uniquecounter.sty))))
(/usr/share/texlive/texmf-dist/tex/latex/base/makeidx.sty)
Writing index file Rd2.idx
(/usr/share/texlive/texmf-dist/tex/latex/psnfss/t1ptm.fd)
(/usr/share/texlive/texmf-dist/tex/latex/l3backend/l3backend-pdftex.def)
(/tmp/RtmpxmMqOy/Rd2pdf6b0456238221/Rd2.aux)
(/usr/share/texlive/texmf-dist/tex/context/base/mkii/supp-pdf.mkii
[Loading MPS to PDF converter (version 2006.09.02).]
) (/tmp/RtmpxmMqOy/Rd2pdf6b0456238221/Rd2.out)
(/tmp/RtmpxmMqOy/Rd2pdf6b0456238221/Rd2.out)
(/usr/share/texlive/texmf-dist/tex/latex/inconsolata/t1zi4.fd)
(/usr/share/texlive/texmf-dist/tex/latex/amsfonts/umsa.fd)
(/usr/share/texlive/texmf-dist/tex/latex/amsfonts/umsb.fd)
(/usr/share/texlive/texmf-dist/tex/latex/jknapltx/ursfs.fd)
(/tmp/RtmpxmMqOy/Rd2pdf6b0456238221/Rd2.toc [1{/var/lib/texmf/fonts/map/pdftex/
updmap/pdftex.map}{/usr/share/texlive/texmf-dist/fonts/enc/dvips/base/8r.enc}{/
usr/share/texlive/texmf-dist/fonts/enc/dvips/inconsolata/i4-t1-0.enc}])
[2] [3] [4] [5] [6] [7] [8] [9] [10] [11] [12] [13]
(/usr/share/texlive/texmf-dist/tex/latex/inconsolata/ts1zi4.fd) [14{/usr/share/
texlive/texmf-dist/fonts/enc/dvips/inconsolata/i4-ts1.enc}] [15] [16] [17]
[18] [19] [20] [21] [22] [23] [24] [25] [26] [27] [28] [29] [30] [31] [32]
[33] [34] [35] [36] [37]
Overfull \hbox (17.27782pt too wide) in paragraph at lines 2136--2136
 []\T1/zi4/m/n/9 # "http://classify.oclc.org/classify2/ClassifyDemo?search-stan
dnum-txt=629725006&startRec=0"[] 

Overfull \hbox (38.27475pt too wide) in paragraph at lines 2139--2139
 []\T1/zi4/m/n/9 # [1] "http://classify.oclc.org/classify2/ClassifyDemo?search-
standnum-txt=039333712X&startRec=0"[] 

Overfull \hbox (33.77475pt too wide) in paragraph at lines 2141--2141
 []\T1/zi4/m/n/9 # [3] "http://classify.oclc.org/classify2/ClassifyDemo?search-
standnum-txt=629725006&startRec=0"[] 
[38] [39] [40] [41]
Overfull \hbox (42.77475pt too wide) in paragraph at lines 2409--2409
 []\T1/zi4/m/n/9 split_map_filter_reduce(someisbns, mapfun=function(x){normaliz
e_isbn(x, convert.to.isbn.13=TRUE)})[] 
[42]
Overfull \hbox (42.77475pt too wide) in paragraph at lines 2415--2415
 []\T1/zi4/m/n/9 split_map_filter_reduce(someisbns, mapfun=function(x){normaliz
e_isbn(x, convert.to.isbn.13=TRUE)},[] 

Overfull \hbox (42.77475pt too wide) in paragraph at lines 2425--2425
 []\T1/zi4/m/n/9 split_map_filter_reduce(someisbns, mapfun=function(x){normaliz
e_isbn(x, convert.to.isbn.13=TRUE)},[] 
[43]
Overfull \hbox (5.24847pt too wide) in paragraph at lines 2507--2511
\T1/ptm/m/n/10 way to use these func-tions is to set a global op-tions with you
r key: []\T1/zi4/m/n/10 options("libbib.wskey"="YOUR
[44] [45]
Overfull \hbox (30.85889pt too wide) in paragraph at lines 2655--2663
\T1/ptm/m/n/10 tu-tion, and, by de-fault, the bib-li-o-graphic in-for-ma-tion p
ro-vided by []\T1/zi4/m/n/10 worldcat_api_bib_read_info_by_...[]\T1/ptm/m/n/10 
.
[46] [47]
Overfull \hbox (5.24847pt too wide) in paragraph at lines 2787--2791
\T1/ptm/m/n/10 way to use these func-tions is to set a global op-tions with you
r key: []\T1/zi4/m/n/10 options("libbib.wskey"="YOUR
[48] [49]
Overfull \hbox (91.14795pt too wide) in paragraph at lines 2901--2903
[]\T1/ptm/m/n/10 There is an en-tire vi-gnette ded-i-cated to this func-tion; t
o view it, ex-e-cute []\T1/zi4/m/n/10 vignette("using-the-worldcat-search-api")
 

Overfull \hbox (5.24847pt too wide) in paragraph at lines 2918--2922
\T1/ptm/m/n/10 way to use these func-tions is to set a global op-tions with you
r key: []\T1/zi4/m/n/10 options("libbib.wskey"="YOUR
[50] [51] [52] (/tmp/RtmpxmMqOy/Rd2pdf6b0456238221/Rd2.ind [53]

LaTeX Font Warning: Font shape `T1/zi4/m/it' undefined
(Font)              using `T1/zi4/m/n' instead on input line 119.


Overfull \hbox (5.01662pt too wide) in paragraph at lines 119--121
\T1/ptm/m/it/10 (\T1/zi4/m/n/10 worldcat_api_bib_read_info_by\T1/ptm/m/it/10 )\
T1/ptm/m/n/10 , 

Overfull \hbox (5.01662pt too wide) in paragraph at lines 121--123
\T1/ptm/m/it/10 (\T1/zi4/m/it/10 worldcat_api_bib_read_info_by\T1/ptm/m/it/10 )
\T1/ptm/m/n/10 , 

Overfull \hbox (5.01662pt too wide) in paragraph at lines 123--125
\T1/ptm/m/it/10 (\T1/zi4/m/it/10 worldcat_api_bib_read_info_by\T1/ptm/m/it/10 )
\T1/ptm/m/n/10 , 
[54] [55]) (/tmp/RtmpxmMqOy/Rd2pdf6b0456238221/Rd2.aux)

LaTeX Font Warning: Some font shapes were not available, defaults substituted.


Package rerunfilecheck Warning: File `Rd2.out' has changed.
(rerunfilecheck)                Rerun to get outlines right
(rerunfilecheck)                or use package `bookmark'.

 )
(see the transcript file for additional information)
pdfTeX warning (dest): name{Rfn.paste} has been referenced but does not exist, 
replaced by a fixed one


pdfTeX warning (dest): name{Rfn.make.unique} has been referenced but does not e
xist, replaced by a fixed one


pdfTeX warning (dest): name{Rfn.is.na} has been referenced but does not exist, 
replaced by a fixed one

</usr/share/texlive/texmf-dist/fonts/type1/public/inconsolata/Inconsolata-zi4r.
pfb></usr/share/texlive/texmf-dist/fonts/type1/public/amsfonts/cm/cmsy10.pfb></
usr/share/texlive/texmf-dist/fonts/type1/urw/times/utmb8a.pfb></usr/share/texli
ve/texmf-dist/fonts/type1/urw/times/utmr8a.pfb></usr/share/texlive/texmf-dist/f
onts/type1/urw/times/utmr8a.pfb></usr/share/texlive/texmf-dist/fonts/type1/urw/
times/utmri8a.pfb>
Output written on Rd2.pdf (55 pages, 194728 bytes).
Transcript written on Rd2.log.
This is makeindex, version 2.18 [TeX Live 2026] (kpathsea + Thai support).
Scanning input file Rd2.idx....done (91 entries accepted, 0 rejected).
Sorting entries....done (620 comparisons).
Generating output file Rd2.ind....done (145 lines written, 0 warnings).
Output written in Rd2.ind.
Transcript written in Rd2.ilg.
This is pdfTeX, Version 3.141592653-2.6-1.40.29 (TeX Live 2026/Debian) (preloaded format=pdflatex)
 restricted \write18 enabled.
entering extended mode
LaTeX2e <2025-11-01>
L3 programming layer <2026-01-19>
(./Rd2.tex
(/usr/share/texlive/texmf-dist/tex/latex/base/book.cls
Document Class: book 2025/01/22 v1.4n Standard LaTeX document class
(/usr/share/texlive/texmf-dist/tex/latex/base/bk10.clo))
(/usr/local/google/home/chiricom/svn/r-devel/share/texmf/tex/latex/Rd.sty
(/usr/share/texlive/texmf-dist/tex/latex/base/ifthen.sty)
(/usr/share/texlive/texmf-dist/tex/generic/iftex/iftex.sty)
(/usr/share/texlive/texmf-dist/tex/latex/tools/longtable.sty)
(/usr/share/texlive/texmf-dist/tex/latex/tools/bm.sty)
(/usr/share/texlive/texmf-dist/tex/latex/base/alltt.sty)
(/usr/share/texlive/texmf-dist/tex/latex/tools/verbatim.sty)
(/usr/share/texlive/texmf-dist/tex/latex/url/url.sty)
(/usr/share/texlive/texmf-dist/tex/latex/base/textcomp.sty)
(/usr/share/texlive/texmf-dist/tex/latex/amsmath/amsmath.sty
For additional information on amsmath, use the `?' option.
(/usr/share/texlive/texmf-dist/tex/latex/amsmath/amstext.sty
(/usr/share/texlive/texmf-dist/tex/latex/amsmath/amsgen.sty))
(/usr/share/texlive/texmf-dist/tex/latex/amsmath/amsbsy.sty)
(/usr/share/texlive/texmf-dist/tex/latex/amsmath/amsopn.sty))
(/usr/share/texlive/texmf-dist/tex/latex/amsfonts/amsfonts.sty)
(/usr/share/texlive/texmf-dist/tex/latex/amsfonts/amssymb.sty)
(/usr/share/texlive/texmf-dist/tex/latex/jknapltx/mathrsfs.sty)
(/usr/share/texlive/texmf-dist/tex/latex/base/fontenc.sty)
(/usr/share/texlive/texmf-dist/tex/latex/psnfss/times.sty)
(/usr/share/texlive/texmf-dist/tex/latex/inconsolata/zi4.sty
`inconsolata-zi4' v1.12, 2019/05/17 Text macros for Inconsolata (msharpe)
(/usr/share/texlive/texmf-dist/tex/latex/xkeyval/xkeyval.sty
(/usr/share/texlive/texmf-dist/tex/generic/xkeyval/xkeyval.tex
(/usr/share/texlive/texmf-dist/tex/generic/xkeyval/xkvutils.tex
(/usr/share/texlive/texmf-dist/tex/generic/xkeyval/keyval.tex)))))
(/usr/share/texlive/texmf-dist/tex/latex/graphics/color.sty
(/usr/share/texlive/texmf-dist/tex/latex/graphics-cfg/color.cfg)
(/usr/share/texlive/texmf-dist/tex/latex/graphics-def/pdftex.def)
(/usr/share/texlive/texmf-dist/tex/latex/graphics/mathcolor.ltx))
(/usr/share/texlive/texmf-dist/tex/latex/hyperref/hyperref.sty
(/usr/share/texlive/texmf-dist/tex/latex/kvsetkeys/kvsetkeys.sty)
(/usr/share/texlive/texmf-dist/tex/generic/kvdefinekeys/kvdefinekeys.sty)
(/usr/share/texlive/texmf-dist/tex/generic/pdfescape/pdfescape.sty
(/usr/share/texlive/texmf-dist/tex/generic/ltxcmds/ltxcmds.sty)
(/usr/share/texlive/texmf-dist/tex/generic/pdftexcmds/pdftexcmds.sty
(/usr/share/texlive/texmf-dist/tex/generic/infwarerr/infwarerr.sty)))
(/usr/share/texlive/texmf-dist/tex/latex/hycolor/hycolor.sty)
(/usr/share/texlive/texmf-dist/tex/latex/hyperref/nameref.sty
(/usr/share/texlive/texmf-dist/tex/latex/refcount/refcount.sty)
(/usr/share/texlive/texmf-dist/tex/generic/gettitlestring/gettitlestring.sty
(/usr/share/texlive/texmf-dist/tex/latex/kvoptions/kvoptions.sty)))
(/usr/share/texlive/texmf-dist/tex/latex/etoolbox/etoolbox.sty)
(/usr/share/texlive/texmf-dist/tex/generic/stringenc/stringenc.sty)
(/usr/share/texlive/texmf-dist/tex/latex/hyperref/pd1enc.def)
(/usr/share/texlive/texmf-dist/tex/generic/intcalc/intcalc.sty)
(/usr/share/texlive/texmf-dist/tex/latex/hyperref/puenc.def)
(/usr/share/texlive/texmf-dist/tex/generic/bitset/bitset.sty
(/usr/share/texlive/texmf-dist/tex/generic/bigintcalc/bigintcalc.sty)))
(/usr/share/texlive/texmf-dist/tex/latex/hyperref/hpdftex.def
(/usr/share/texlive/texmf-dist/tex/latex/rerunfilecheck/rerunfilecheck.sty
(/usr/share/texlive/texmf-dist/tex/generic/uniquecounter/uniquecounter.sty))))
(/usr/share/texlive/texmf-dist/tex/latex/base/makeidx.sty)
Writing index file Rd2.idx
(/usr/share/texlive/texmf-dist/tex/latex/psnfss/t1ptm.fd)
(/usr/share/texlive/texmf-dist/tex/latex/l3backend/l3backend-pdftex.def)
(/tmp/RtmpxmMqOy/Rd2pdf6b0456238221/Rd2.aux)
(/usr/share/texlive/texmf-dist/tex/context/base/mkii/supp-pdf.mkii
[Loading MPS to PDF converter (version 2006.09.02).]
) (/tmp/RtmpxmMqOy/Rd2pdf6b0456238221/Rd2.out)
(/tmp/RtmpxmMqOy/Rd2pdf6b0456238221/Rd2.out)
(/usr/share/texlive/texmf-dist/tex/latex/inconsolata/t1zi4.fd)
(/usr/share/texlive/texmf-dist/tex/latex/amsfonts/umsa.fd)
(/usr/share/texlive/texmf-dist/tex/latex/amsfonts/umsb.fd)
(/usr/share/texlive/texmf-dist/tex/latex/jknapltx/ursfs.fd)
(/tmp/RtmpxmMqOy/Rd2pdf6b0456238221/Rd2.toc [1{/var/lib/texmf/fonts/map/pdftex/
updmap/pdftex.map}{/usr/share/texlive/texmf-dist/fonts/enc/dvips/base/8r.enc}{/
usr/share/texlive/texmf-dist/fonts/enc/dvips/inconsolata/i4-t1-0.enc}])
[2] [3] [4] [5] [6] [7] [8] [9] [10] [11] [12] [13]
(/usr/share/texlive/texmf-dist/tex/latex/inconsolata/ts1zi4.fd) [14{/usr/share/
texlive/texmf-dist/fonts/enc/dvips/inconsolata/i4-ts1.enc}] [15] [16] [17]
[18] [19] [20] [21] [22] [23] [24] [25] [26] [27] [28] [29] [30] [31] [32]
[33] [34] [35] [36] [37]
Overfull \hbox (17.27782pt too wide) in paragraph at lines 2136--2136
 []\T1/zi4/m/n/9 # "http://classify.oclc.org/classify2/ClassifyDemo?search-stan
dnum-txt=629725006&startRec=0"[] 

Overfull \hbox (38.27475pt too wide) in paragraph at lines 2139--2139
 []\T1/zi4/m/n/9 # [1] "http://classify.oclc.org/classify2/ClassifyDemo?search-
standnum-txt=039333712X&startRec=0"[] 

Overfull \hbox (33.77475pt too wide) in paragraph at lines 2141--2141
 []\T1/zi4/m/n/9 # [3] "http://classify.oclc.org/classify2/ClassifyDemo?search-
standnum-txt=629725006&startRec=0"[] 
[38] [39] [40] [41]
Overfull \hbox (42.77475pt too wide) in paragraph at lines 2409--2409
 []\T1/zi4/m/n/9 split_map_filter_reduce(someisbns, mapfun=function(x){normaliz
e_isbn(x, convert.to.isbn.13=TRUE)})[] 
[42]
Overfull \hbox (42.77475pt too wide) in paragraph at lines 2415--2415
 []\T1/zi4/m/n/9 split_map_filter_reduce(someisbns, mapfun=function(x){normaliz
e_isbn(x, convert.to.isbn.13=TRUE)},[] 

Overfull \hbox (42.77475pt too wide) in paragraph at lines 2425--2425
 []\T1/zi4/m/n/9 split_map_filter_reduce(someisbns, mapfun=function(x){normaliz
e_isbn(x, convert.to.isbn.13=TRUE)},[] 
[43]
Overfull \hbox (5.24847pt too wide) in paragraph at lines 2507--2511
\T1/ptm/m/n/10 way to use these func-tions is to set a global op-tions with you
r key: []\T1/zi4/m/n/10 options("libbib.wskey"="YOUR
[44] [45]
Overfull \hbox (30.85889pt too wide) in paragraph at lines 2655--2663
\T1/ptm/m/n/10 tu-tion, and, by de-fault, the bib-li-o-graphic in-for-ma-tion p
ro-vided by []\T1/zi4/m/n/10 worldcat_api_bib_read_info_by_...[]\T1/ptm/m/n/10 
.
[46] [47]
Overfull \hbox (5.24847pt too wide) in paragraph at lines 2787--2791
\T1/ptm/m/n/10 way to use these func-tions is to set a global op-tions with you
r key: []\T1/zi4/m/n/10 options("libbib.wskey"="YOUR
[48] [49]
Overfull \hbox (91.14795pt too wide) in paragraph at lines 2901--2903
[]\T1/ptm/m/n/10 There is an en-tire vi-gnette ded-i-cated to this func-tion; t
o view it, ex-e-cute []\T1/zi4/m/n/10 vignette("using-the-worldcat-search-api")
 

Overfull \hbox (5.24847pt too wide) in paragraph at lines 2918--2922
\T1/ptm/m/n/10 way to use these func-tions is to set a global op-tions with you
r key: []\T1/zi4/m/n/10 options("libbib.wskey"="YOUR
[50] [51] [52] (/tmp/RtmpxmMqOy/Rd2pdf6b0456238221/Rd2.ind [53]

LaTeX Font Warning: Font shape `T1/zi4/m/it' undefined
(Font)              using `T1/zi4/m/n' instead on input line 119.


Overfull \hbox (5.01662pt too wide) in paragraph at lines 119--121
\T1/ptm/m/it/10 (\T1/zi4/m/n/10 worldcat_api_bib_read_info_by\T1/ptm/m/it/10 )\
T1/ptm/m/n/10 , 

Overfull \hbox (5.01662pt too wide) in paragraph at lines 121--123
\T1/ptm/m/it/10 (\T1/zi4/m/it/10 worldcat_api_bib_read_info_by\T1/ptm/m/it/10 )
\T1/ptm/m/n/10 , 

Overfull \hbox (5.01662pt too wide) in paragraph at lines 123--125
\T1/ptm/m/it/10 (\T1/zi4/m/it/10 worldcat_api_bib_read_info_by\T1/ptm/m/it/10 )
\T1/ptm/m/n/10 , 
[54] [55]) (/tmp/RtmpxmMqOy/Rd2pdf6b0456238221/Rd2.aux)

LaTeX Font Warning: Some font shapes were not available, defaults substituted.

 )
(see the transcript file for additional information)
pdfTeX warning (dest): name{Rfn.paste} has been referenced but does not exist, 
replaced by a fixed one


pdfTeX warning (dest): name{Rfn.make.unique} has been referenced but does not e
xist, replaced by a fixed one


pdfTeX warning (dest): name{Rfn.is.na} has been referenced but does not exist, 
replaced by a fixed one

</usr/share/texlive/texmf-dist/fonts/type1/public/inconsolata/Inconsolata-zi4r.
pfb></usr/share/texlive/texmf-dist/fonts/type1/public/amsfonts/cm/cmsy10.pfb></
usr/share/texlive/texmf-dist/fonts/type1/urw/times/utmb8a.pfb></usr/share/texli
ve/texmf-dist/fonts/type1/urw/times/utmr8a.pfb></usr/share/texlive/texmf-dist/f
onts/type1/urw/times/utmr8a.pfb></usr/share/texlive/texmf-dist/fonts/type1/urw/
times/utmri8a.pfb>
Output written on Rd2.pdf (55 pages, 195491 bytes).
Transcript written on Rd2.log.
Saving output to ‘libbib-manual.pdf’ ...
Done
You may want to clean up by 'rm -Rf /tmp/RtmpxmMqOy/Rd2pdf6b0456238221'
